// Jest Snapshot v1, https://goo.gl/fbAQLP

exports[`TmSessionImportPassword has the expected html structure 1`] = `
<sessionframe-stub
  icon=""
>
  <tmformstruct-stub
    submit="function () { [native code] }"
    width=""
  >
    <h2
      class="session-title"
    >
      Choose password
    </h2>
     
    <div
      class="session-main bottom-indent"
    >
      <steps-stub
        activestep="Password"
        steps="Recover,Name,Password"
      />
       
      <tmformgroup-stub
        fieldid="import-password"
        fieldlabel="Password"
      >
        <tmfield-stub
          id="import-password"
          placeholder="Must be at least 10 characters"
          type="password"
          value=""
        />
         
        <!---->
         
        <!---->
      </tmformgroup-stub>
       
      <tmformgroup-stub
        fieldid="import-password-confirmation"
        fieldlabel="Confirm Password"
      >
        <tmfield-stub
          id="import-password-confirmation"
          placeholder="Enter password again"
          type="password"
          value=""
        />
         
        <!---->
         
        <!---->
      </tmformgroup-stub>
    </div>
     
    <div
      class="session-footer"
    >
      <tmbtn-stub
        customclass=""
        value="Create"
      />
    </div>
  </tmformstruct-stub>
</sessionframe-stub>
`;
