// Jest Snapshot v1, https://goo.gl/fbAQLP

exports[`TmSessionSignUpPassword renders 1`] = `
<sessionframe-stub
  icon=""
>
  <tmformstruct-stub
    submit="function () { [native code] }"
    width=""
  >
    <h2
      class="session-title"
    >
      Choose a password
    </h2>
     
    <div>
      <steps-stub
        activestep="Password"
        steps="Create,Password,Backup"
      />
       
      <tmformgroup-stub
        fieldid="sign-up-password"
        fieldlabel="Password"
      >
        <tmfield-stub
          id="sign-up-password"
          placeholder="Must be at least 10 characters"
          type="password"
          value=""
        />
         
        <!---->
         
        <!---->
      </tmformgroup-stub>
       
      <tmformgroup-stub
        fieldid="sign-up-password-confirm"
        fieldlabel="Confirm Password"
      >
        <tmfield-stub
          id="sign-up-password-confirm"
          placeholder="Enter password again"
          type="password"
          value=""
        />
         
        <!---->
      </tmformgroup-stub>
       
      <div
        class="session-footer"
      >
        <tmbtn-stub
          customclass=""
          type="submit"
          value="Next"
        />
      </div>
    </div>
  </tmformstruct-stub>
</sessionframe-stub>
`;
