// Jest Snapshot v1, https://goo.gl/fbAQLP

exports[`TmSessionSignIn has the expected html structure 1`] = `
<sessionframe-stub
  icon="lock"
>
  <tmformstruct-stub
    class="session-container"
    submit="function () { [native code] }"
    width=""
  >
    <h2
      class="session-title"
    >
      Sign in with account
    </h2>
     
    <div
      class="session-main bottom-indent"
    >
      <tmformgroup-stub
        fieldid="sign-in-name"
        fieldlabel="Select Account"
      >
        <tmfield-stub
          id="sign-in-name"
          options="[object Object]"
          placeholder="Select accountâ€¦"
          type="select"
          value="cosmos1234"
          vue-focus="vue-focus"
        />
         
        <!---->
      </tmformgroup-stub>
       
      <tmformgroup-stub
        fieldid="sign-in-password"
        fieldlabel="Password"
      >
        <tmfield-stub
          id="sign-in-password"
          type="password"
          value=""
        />
         
        <!---->
         
        <!---->
         
        <!---->
      </tmformgroup-stub>
       
      <tmformgroup-stub
        class="field-checkbox"
        fieldid="sign-up-warning"
        fieldlabel=""
      >
        <div
          class="field-checkbox-testnet"
        >
          <label
            class="field-checkbox-label"
            for="select-testnet"
          >
            <input
              id="select-testnet"
              type="checkbox"
            />
            
            This is a testnet address
          </label>
        </div>
      </tmformgroup-stub>
    </div>
     
    <div
      class="session-footer"
    >
      <tmbtn-stub
        customclass=""
        value="Sign In"
      />
    </div>
  </tmformstruct-stub>
</sessionframe-stub>
`;
