// Jest Snapshot v1, https://goo.gl/fbAQLP

exports[`TmSessionSignUpSeed renders 1`] = `
<sessionframe-stub
  icon=""
>
  <tmformstruct-stub
    submit="function () { [native code] }"
    width=""
  >
    <h2
      class="session-title"
    >
      Backup code
    </h2>
     
    <div>
      <div
        class="session-main bottom-indent reorder"
      >
        <steps-stub
          activestep="Backup"
          steps="Create,Password,Backup"
        />
         
        <tmseed-stub
          value="asdf asdf asdf asdf asdf asdf asdf asdf asdf asdf asdf asdf asdf asdf asdf asdf asdf asdf asdf asdf asdf asdf asdf asdf"
        />
         
        <tmformgroup-stub
          class="field-checkbox"
          fieldid="sign-up-warning"
          fieldlabel=""
        >
          <div
            class="field-checkbox-input"
          >
            <label
              class="field-checkbox-label"
              for="sign-up-warning"
            >
              <input
                id="sign-up-warning"
                type="checkbox"
              />
              
              I understand that lost seeds cannot be recovered.
            </label>
          </div>
           
          <!---->
           
          <!---->
        </tmformgroup-stub>
      </div>
       
      <div
        class="session-footer"
      >
        <tmbtn-stub
          customclass=""
          value="Create"
        />
      </div>
    </div>
  </tmformstruct-stub>
</sessionframe-stub>
`;
